// Jest Snapshot v1, https://goo.gl/fbAQLP

exports[`App component renders App 1`] = `
<DocumentFragment>
  <div>
    Header
  </div>
  <div>
    Hello World - music search
  </div>
</DocumentFragment>
`;
